#-----------------------------------------------------------
# Vivado v2024.1 (64-bit)
# SW Build 5076996 on Wed May 22 18:36:09 MDT 2024
# IP Build 5075265 on Wed May 22 21:45:21 MDT 2024
# SharedData Build 5076995 on Wed May 22 18:29:18 MDT 2024
# Start of session at: Sun Dec 15 11:34:40 2024
# Process ID: 6730
# Current directory: /Users/tony/arc/pro/dev/svdev/rv32core/zybo/zybo.runs/synth_1
# Command line: vivado -log microprocessor.vds -product Vivado -mode batch -messageDb vivado.pb -notrace -source microprocessor.tcl
# Log file: /Users/tony/arc/pro/dev/svdev/rv32core/zybo/zybo.runs/synth_1/microprocessor.vds
# Journal file: /Users/tony/arc/pro/dev/svdev/rv32core/zybo/zybo.runs/synth_1/vivado.jou
# Running On        :xiluntu
# Platform          :Ubuntu
# Operating System  :Ubuntu 22.04.5 LTS
# Processor Detail  :VirtualApple @ 2.50GHz
# CPU Frequency     :2500.000 MHz
# CPU Physical cores:11
# CPU Logical cores :11
# Host memory       :14701 MB
# Swap memory       :15775 MB
# Total Virtual     :30477 MB
# Available Virtual :24870 MB
#-----------------------------------------------------------
source microprocessor.tcl -notrace
